app started
app did something
app finished